al C:0000 .use3bit
al C:0000 .cc2patch
al C:0001 .multispeed
al C:0008 .siddelay
al C:0113 .debughi2
al C:0112 .debuglo2
al C:4000 .debugmem
al C:0508 .mixingbuffer1b
al C:0000 .thc_chnper6
al C:0000 .thc_chnper7
al C:0000 .thc_chnper5
al C:0000 .thc_chnper8
al C:00ff .goathi
al C:0000 .thc_chnoff8
al C:00fe .goatlo
al C:0000 .thc_chnoff7
al C:0000 .thc_chnoff6
al C:0000 .thc_chnoff5
al C:0110 .debuglo
al C:0111 .debughi
al C:0000 .thc_chnvol8
al C:0000 .thc_chnvol7
al C:0000 .thc_chnvol6
al C:0000 .thc_chnvol5
al C:0c08 .mixingbuffer2b
al C:000f .echodistance

al C:00ee .prodlo
al C:00f6 .clearend
al C:0001 .preset
al C:e000 .sample22end
al C:0001 .sampleoffsetsupport
al C:0000 .stablenmi
al C:0008 .lastvolume
al C:0408 .mixingbuffer1
al C:0b08 .mixingbuffer2
al C:e140 .periodtable
al C:0027 .periodsteplength
al C:e000 .sample23end
al C:0004 .digivoices
al C:e000 .sample30end
al C:00f6 .zp
al C:e000 .sample20end
al C:e000 .sample28end
al C:0000 .loopstation
al C:0102 .nmidest
al C:cf00 .lzshistory
al C:0708 .notesaddlo
al C:e000 .sample31end
al C:0002 .bitdepth
al C:0001 .screen
al C:0001 .playinterleave
al C:0006 .lastperiod
al C:e000 .sample30
al C:e000 .sample31
al C:e000 .sample00end
al C:e000 .sample21end
al C:0001 .volumesupport
al C:e000 .sample29end
al C:0001 .thc_chnper2
al C:0001 .thc_chnper3
al C:0001 .thc_chnper1
al C:00ee .zeropage
al C:0001 .thc_chnper4
al C:00f3 .samplefrac2
al C:00f4 .samplefrac3
al C:00f2 .samplefrac1
al C:00f5 .samplefrac4
al C:e000 .volumetable
al C:e000 .sample26end
al C:0000 .globalfilter
al C:0001 .thc_chnoff3
al C:0002 .zeropagecode
al C:0001 .thc_chnoff2
al C:0000 .rleimproved
al C:0001 .thc_chnoff1
al C:0000 .signed
al C:00ee .clearstart
al C:0000 .debug
al C:0001 .thc_chnoff4
al C:e000 .sample27end
al C:0001 .timingcolors
al C:009c .mixingbufferlength
al C:e000 .silentbuffer
al C:0000 .deltacoding
al C:001f .samples
al C:0001 .thc_chnvol4
al C:0001 .thc_chnvol3
al C:0784 .notesaddfrac
al C:0003 .sampleoutput
al C:0001 .thc_chnvol2
al C:0001 .thc_chnvol1
al C:e000 .sample24end
al C:0001 .external
al C:007d .nmifreq
al C:0000 .replayrate
al C:0684 .notestablehi
al C:0608 .notestablelo
al C:0000 .includesid
al C:00f0 .voiceactive3
al C:00ef .voiceactive2
al C:00ee .voiceactive1
al C:0000 .controlchannel
al C:00f1 .voiceactive4
al C:0000 .volumeboost
al C:e000 .sample22
al C:e000 .sample23
al C:e000 .sample20
al C:0000 .fastjitter
al C:e000 .sample00
al C:e000 .sample21
al C:e000 .sample25end
al C:e000 .sample26
al C:e000 .sample27
al C:0000 .detachmixer
al C:e000 .sample24
al C:e000 .sample25
al C:e000 .sample28
al C:0001 .playlzstream
al C:e000 .sample29

al C:12e2 .offsetdelay3
al C:1116 .offsetdelay2
al C:0f4a .offsetdelay1
al C:0c2a .periodtablegen
al C:0e9a .lzsrepeat
al C:52bc .sample13end
al C:14ae .offsetdelay4
al C:0e8f .clearsid
al C:a012 .steplotable
al C:0028 .notefetch2
al C:9f60 .looplengthhi
al C:003f .notefetch3
al C:0011 .notefetch1
al C:9f40 .looplengthlo
al C:27d5 .sample03end
al C:0056 .notefetch4
al C:0e9a .lzsgetbyte
al C:00ac .mix3d
al C:00a6 .mix1d
al C:08ad .vblank
al C:006d .mix1a
al C:0073 .mix3a
al C:0093 .mix1c
al C:0086 .mix3b
al C:0080 .mix1b
al C:0099 .mix3c
al C:003a .samplefetch2d
al C:a018 .volumestable
al C:0068 .samplefetch4d
al C:0063 .samplefetch4c
al C:4c55 .sample12end
al C:0edd .mixer
al C:002b .samplefetch2a
al C:005e .samplefetch4b
al C:0030 .samplefetch2b
al C:0059 .samplefetch4a
al C:9edd .samplememend
al C:0035 .samplefetch2c
al C:0cbd .initsamples
al C:080d .main
al C:a678 .songdataend
al C:1483 .volumedelay4
al C:0eee .lzsystart
al C:1fca .sample02end
al C:0f1f .volumedelay1
al C:12b7 .volumedelay3
al C:10eb .volumedelay2
al C:0884 .irq1
al C:469e .sample11end
al C:9eb6 .sample19end
al C:0cf0 .nmi_start
al C:086b .startmixing
al C:a021 .safetymargintable
al C:14d9 .sampledatapointer4
al C:130d .sampledatapointer3
al C:179b .sample01end
al C:1141 .sampledatapointer2
al C:394d .sample09end
al C:0f75 .sampledatapointer1
al C:0bc6 .volumetablegen
al C:0002 .nmiplaybuf
al C:119c .sound2
al C:1368 .sound3
al C:a000 .stepfraclotable
al C:0fd0 .sound1
al C:1534 .sound4
al C:145e .perioddelay4
al C:0eaf .lzsfetch2
al C:0ebc .lzsfetch3
al C:0eee .mixrestart
al C:0e9e .lzsfetch1
al C:40b4 .sample10end
al C:0ef0 .perioddelay1
al C:8c67 .sample18end
al C:10c6 .perioddelay2
al C:1292 .perioddelay3
al C:000c .abuf
al C:a006 .stepfracmitable
al C:4c7c .sample13
al C:46c5 .sample12
al C:40e6 .sample11
al C:3974 .sample10
al C:73d0 .sample17
al C:370e .sample08end
al C:6689 .sample16
al C:585a .sample15
al C:52e3 .sample14
al C:0ed2 .lzsput
al C:8c8e .sample19
al C:a00c .stepfrachitable
al C:7faf .sample18
al C:0dae .javainit
al C:7f88 .sample17end
al C:162c .doof
al C:0baa .sucks
al C:0b00 .initnmi
al C:0004 .nmiplaynobuf
al C:0f6b .sampledelay1
al C:1536 .note4
al C:1303 .sampledelay3
al C:1137 .sampledelay2
al C:34f7 .sample07end
al C:14cf .sampledelay4
al C:0fd2 .note1
al C:119e .note2
al C:136a .note3
al C:0002 .nmiplay
al C:00a9 .mix2d
al C:1290 .lzsysave2
al C:00b6 .mixswitch4
al C:145c .lzsysave3
al C:00af .mix4d
al C:10c4 .lzsysave1
al C:009c .mix4c
al C:007d .mixswitch1
al C:0070 .mix2a
al C:0089 .mix4b
al C:0083 .mix2b
al C:0076 .mix4a
al C:00a3 .mixswitch3
al C:1628 .lzsysave4
al C:0892 .bufferpointer
al C:0096 .mix2c
al C:0090 .mixswitch2
al C:9fc0 .sampleendlo
al C:0051 .samplefetch3d
al C:0023 .samplefetch1d
al C:9fe0 .sampleendhi
al C:73a9 .sample16end
al C:0014 .samplefetch1a
al C:0042 .samplefetch3a
al C:0dae .nmi_end
al C:001e .samplefetch1c
al C:0047 .samplefetch3b
al C:0019 .samplefetch1b
al C:004c .samplefetch3c
al C:9fa0 .samplestarthi
al C:9f80 .samplestartlo
al C:3266 .sample06end
al C:6662 .sample15end
al C:0e85 .stoptune
al C:0e2c .javarestart
al C:a041 .songdata
al C:304f .sample05end
al C:164f .d418tab8580
al C:0004 .thc_fetch
al C:14ef .offsetlo4
al C:9f00 .loopposlo
al C:14f6 .offsethi4
al C:5833 .sample14end
al C:0f8b .offsetlo1
al C:132a .offsethi3
al C:115e .offsethi2
al C:0f92 .offsethi1
al C:1323 .offsetlo3
al C:174f .samplememstart
al C:9f20 .loopposhi
al C:1157 .offsetlo2
al C:0a00 .d418tab
al C:1ff1 .sample03
al C:0bb9 .sucks2
al C:17c2 .sample02
al C:174f .sample01
al C:2da4 .sample04end
al C:328d .sample07
al C:3076 .sample06
al C:2dcb .sample05
al C:27fc .sample04
al C:3735 .sample09
al C:351e .sample08
