al C:0000 .use3bit
al C:0000 .cc2patch
al C:0001 .multispeed
al C:0008 .siddelay
al C:0113 .debughi2
al C:0112 .debuglo2
al C:4000 .debugmem
al C:0508 .mixingbuffer1b
al C:0000 .thc_chnper3
al C:0000 .thc_chnper6
al C:0000 .thc_chnper7
al C:0000 .thc_chnper4
al C:0000 .thc_chnper5
al C:0000 .thc_chnper8
al C:00ff .goathi
al C:0000 .thc_chnoff8
al C:00fe .goatlo
al C:0000 .thc_chnoff3
al C:0000 .thc_chnoff7
al C:0000 .thc_chnoff6
al C:0000 .thc_chnoff5
al C:0000 .thc_chnoff4
al C:0110 .debuglo
al C:0111 .debughi
al C:0000 .thc_chnvol8
al C:0000 .thc_chnvol7
al C:0000 .thc_chnvol6
al C:0000 .thc_chnvol5
al C:0000 .thc_chnvol4
al C:0000 .thc_chnvol3
al C:0c08 .mixingbuffer2b
al C:000f .echodistance

al C:00ee .prodlo
al C:00f2 .clearend
al C:0000 .preset
al C:e000 .sample22end
al C:0001 .sampleoffsetsupport
al C:0000 .stablenmi
al C:0008 .lastvolume
al C:0408 .mixingbuffer1
al C:0b08 .mixingbuffer2
al C:e140 .periodtable
al C:0027 .periodsteplength
al C:e000 .sample23end
al C:0002 .digivoices
al C:e000 .sample30end
al C:00f2 .zp
al C:e000 .sample20end
al C:e000 .sample28end
al C:0000 .loopstation
al C:0102 .nmidest
al C:cf00 .lzshistory
al C:0708 .notesaddlo
al C:e000 .sample31end
al C:0002 .bitdepth
al C:0001 .screen
al C:0001 .playinterleave
al C:0006 .lastperiod
al C:e000 .sample30
al C:e000 .sample31
al C:e000 .sample00end
al C:e000 .sample21end
al C:0001 .volumesupport
al C:e000 .sample29end
al C:0001 .thc_chnper2
al C:0001 .thc_chnper1
al C:00ee .zeropage
al C:00f1 .samplefrac2
al C:00f0 .samplefrac1
al C:e000 .volumetable
al C:e000 .sample26end
al C:0000 .globalfilter
al C:0002 .zeropagecode
al C:0001 .thc_chnoff2
al C:0000 .rleimproved
al C:0001 .thc_chnoff1
al C:0000 .signed
al C:00ee .clearstart
al C:0000 .debug
al C:e000 .sample27end
al C:0001 .timingcolors
al C:009c .mixingbufferlength
al C:e000 .silentbuffer
al C:0000 .deltacoding
al C:001f .samples
al C:0784 .notesaddfrac
al C:0003 .sampleoutput
al C:0001 .thc_chnvol2
al C:0001 .thc_chnvol1
al C:e000 .sample24end
al C:0001 .external
al C:007d .nmifreq
al C:0000 .replayrate
al C:0684 .notestablehi
al C:0608 .notestablelo
al C:0000 .includesid
al C:00ef .voiceactive2
al C:00ee .voiceactive1
al C:0000 .controlchannel
al C:0000 .volumeboost
al C:e000 .sample22
al C:e000 .sample23
al C:e000 .sample20
al C:0000 .fastjitter
al C:e000 .sample00
al C:e000 .sample21
al C:e000 .sample25end
al C:e000 .sample26
al C:e000 .sample27
al C:0000 .detachmixer
al C:e000 .sample24
al C:e000 .sample25
al C:e000 .sample28
al C:0001 .playlzstream
al C:e000 .sample29

al C:10b9 .offsetdelay2
al C:0eed .offsetdelay1
al C:0c2a .periodtablegen
al C:0e3d .lzsrepeat
al C:4ec7 .sample13end
al C:0e32 .clearsid
al C:9c12 .steplotable
al C:0028 .notefetch2
al C:9b60 .looplengthhi
al C:0011 .notefetch1
al C:9b40 .looplengthlo
al C:23e0 .sample03end
al C:0e3d .lzsgetbyte
al C:0069 .mix1d
al C:08ad .vblank
al C:003f .mix1a
al C:005b .mix1c
al C:004d .mix1b
al C:003a .samplefetch2d
al C:9c18 .volumestable
al C:4860 .sample12end
al C:0e80 .mixer
al C:002b .samplefetch2a
al C:0030 .samplefetch2b
al C:9ae8 .samplememend
al C:0035 .samplefetch2c
al C:0cbd .initsamples
al C:080d .main
al C:9fbb .songdataend
al C:0e91 .lzsystart
al C:1bd5 .sample02end
al C:0ec2 .volumedelay1
al C:108e .volumedelay2
al C:0884 .irq1
al C:42a9 .sample11end
al C:9ac1 .sample19end
al C:0cf0 .nmi_start
al C:086b .startmixing
al C:9c21 .safetymargintable
al C:13a6 .sample01end
al C:10e4 .sampledatapointer2
al C:3558 .sample09end
al C:0f18 .sampledatapointer1
al C:0bc6 .volumetablegen
al C:0002 .nmiplaybuf
al C:113f .sound2
al C:9c00 .stepfraclotable
al C:0f73 .sound1
al C:0e52 .lzsfetch2
al C:0e5f .lzsfetch3
al C:0e91 .mixrestart
al C:0e41 .lzsfetch1
al C:3cbf .sample10end
al C:0e93 .perioddelay1
al C:8872 .sample18end
al C:1069 .perioddelay2
al C:000c .abuf
al C:9c06 .stepfracmitable
al C:4887 .sample13
al C:42d0 .sample12
al C:3cf1 .sample11
al C:357f .sample10
al C:6fdb .sample17
al C:3319 .sample08end
al C:6294 .sample16
al C:5465 .sample15
al C:4eee .sample14
al C:0e75 .lzsput
al C:8899 .sample19
al C:9c0c .stepfrachitable
al C:7bba .sample18
al C:0d69 .javainit
al C:7b93 .sample17end
al C:1237 .doof
al C:0baa .sucks
al C:0b00 .initnmi
al C:0004 .nmiplaynobuf
al C:0f0e .sampledelay1
al C:10da .sampledelay2
al C:3102 .sample07end
al C:0f75 .note1
al C:1141 .note2
al C:0002 .nmiplay
al C:006c .mix2d
al C:1233 .lzsysave2
al C:0074 .mixswitch4
al C:1067 .lzsysave1
al C:004a .mixswitch1
al C:0042 .mix2a
al C:0050 .mix2b
al C:0066 .mixswitch3
al C:0892 .bufferpointer
al C:005e .mix2c
al C:0058 .mixswitch2
al C:9bc0 .sampleendlo
al C:0023 .samplefetch1d
al C:9be0 .sampleendhi
al C:6fb4 .sample16end
al C:0014 .samplefetch1a
al C:0d69 .nmi_end
al C:001e .samplefetch1c
al C:0019 .samplefetch1b
al C:9ba0 .samplestarthi
al C:9b80 .samplestartlo
al C:2e71 .sample06end
al C:626d .sample15end
al C:0e28 .stoptune
al C:0de7 .javarestart
al C:9c41 .songdata
al C:2c5a .sample05end
al C:125a .d418tab8580
al C:0004 .thc_fetch
al C:9b00 .loopposlo
al C:543e .sample14end
al C:0f2e .offsetlo1
al C:1101 .offsethi2
al C:0f35 .offsethi1
al C:9b20 .loopposhi
al C:135a .samplememstart
al C:10fa .offsetlo2
al C:0a00 .d418tab
al C:1bfc .sample03
al C:0bb9 .sucks2
al C:13cd .sample02
al C:135a .sample01
al C:29af .sample04end
al C:2e98 .sample07
al C:2c81 .sample06
al C:29d6 .sample05
al C:2407 .sample04
al C:3340 .sample09
al C:3129 .sample08
